// Vitest Snapshot v1, https://vitest.dev/guide/snapshot.html

exports[`HomeHead unit tests > should match the snapshot 1`] = `"<span class="flex flex-col items-center justify-center gap-2"><h1 class="mt-16 text-5xl">Color Drop</h1><p class="text-xl text-center"> A simple color dropper to search for products with similar shades! </p></span>"`;
