// Vitest Snapshot v1, https://vitest.dev/guide/snapshot.html

exports[`HomeDropper unit tests > should match the snapshot 1`] = `
"<button disabled="">
  <v-icon class="h-8 w-8" name="bi-eyedropper"></v-icon>
</button>
<span></span>"
`;
