// Vitest Snapshot v1, https://vitest.dev/guide/snapshot.html

exports[`HomeRoot unit tests > should match the snapshot 1`] = `"<main class="mx-auto flex max-w-[1100px] flex-col items-center justify-center gap-5"></main>"`;
